{
    "min_mw": 4.95,
    "name": "Poisson N-Test",
    "obs_catalog_repr": "",
    "obs_name": null,
    "observed_statistic": 31,
    "quantile": [
        0.9998907189318641,
        0.0002041545380810287
    ],
    "sim_name": "BIRD_LIU",
    "status": "normal",
    "test_distribution": [
        "poisson",
        55.90278072812937
    ],
    "type": "EvaluationResult"
}