{
    "min_mw": 4.95,
    "name": "Paired T-Test",
    "obs_catalog_repr": "",
    "obs_name": null,
    "observed_statistic": -0.855721827802964,
    "quantile": [
        -4.814104696225186,
        2.0422724563012373
    ],
    "sim_name": [
        "BIRD_LIU",
        "helmstetter"
    ],
    "status": "normal",
    "test_distribution": [
        -1.2187420007020031,
        -0.4927016549039248
    ],
    "type": "EvaluationResult"
}