{
    "min_mw": 4.95,
    "name": "W-Test",
    "obs_catalog_repr": "",
    "obs_name": null,
    "observed_statistic": -0.8479002955787924,
    "quantile": 0.3964934999283882,
    "sim_name": [
        "LOMBARDI",
        "meletti"
    ],
    "status": "normal",
    "test_distribution": [
        "n",
        "o",
        "r",
        "m",
        "a",
        "l"
    ],
    "type": "EvaluationResult"
}